---
source: src/load_includes.rs
expression: templates_json
---
{
  "candystore.liquid": "<a href=\"https://static.llllllllllll.com/andor/images/{{ file }}_original.jpg\"><img src=\"https://static.llllllllllll.com/andor/images/{{ file }}.jpg\" alt=\"{{ title }}\" title=\"{{ title }}\" loading=\"lazy\" /></a>\n",
  "emojiflag.liquid": "{% if location contains 'Australia' %}&#x1F1E6;&#x1F1FA;{% endif %}\n{% if location contains 'Austria' %}&#127462;&#127481;{% endif %}\n{% if location contains 'Belgium' %}&#127463;&#127466;{% endif %}\n{% if location contains 'Czech' %}&#127464;&#127487;{% endif %}\n{% if location contains 'Denmark' %}&#127465;&#127472;{% endif %}\n{% if location contains 'England' %}&#127468;&#127463;{% endif %}\n{% if location contains 'France' %}&#127467;&#127479;{% endif %}\n{% if location contains 'Germany' %}&#127465;&#127466;{% endif %}\n{% if location contains 'Hungary' %}&#127469;&#127482;{% endif %}\n{% if location contains 'India' %}&#127470;&#127475;{% endif %}\n{% if location contains 'Ireland' %}&#127470;&#127466;{% endif %}\n{% if location contains 'Italy' %}&#x1F1EE;&#x1F1F9;{% endif %}\n{% if location contains 'Japan' %}&#127471;&#127477;{% endif %}\n{% if location contains 'Latvia' %}&#127473;&#127483;{% endif %}\n{% if location contains 'Lithuania' %}&#127473;&#127481;{% endif %}\n{% if location contains 'Mexico' %}&#127474;&#127485;{% endif %}\n{% if location contains 'Netherlands' %}&#127475;&#127473;{% endif %}\n{% if location contains 'New Zealand' %}&#127475;&#127487;{% endif %}\n{% if location contains 'Norway' %}&#127475;&#127476;{% endif %}\n{% if location contains 'Romania' %}&#127479;&#127476;{% endif %}\n{% if location contains 'Russia' %}&#127479;&#127482;{% endif %}\n{% if location contains 'Scotland' %}󠁧󠁢󠁳󠁣󠁴&#127468;&#127463;{% endif %}\n{% if location contains 'South Korea' %}&#127472;&#127479;{% endif %}\n{% if location contains 'Sweden' %}&#127480;&#127466;{% endif %}\n{% if location contains 'Ukraine' %}&#127482;&#127462;{% endif %}\n{% if location contains 'United States' %}&#127482;&#127480;{% endif %}\n",
  "img.liquid": "<img src=\"{{ site.imagehost_url }}/{{ include.date | date: \"%Y\" }}/{{ include.img }}.jpg\" alt=\"{{ include.title }}\" title=\"{{ include.title }}\" />\n",
  "scope.liquid": "<img src=\"{{ site.imagehost_url }}/{{ include.date | date: \"%Y\" }}/{{ include.img }}.jpg\" alt=\"{{ include.title }}\" title=\"{{ include.title }}\" />\n",
  "ucare.liquid": "<a href=\"https://ucarecdn.com/{{ uuid }}/\"><img src=\"https://ucarecdn.com/{{ uuid }}/-/preview/2000x1000/\" alt=\"{{ title }}\" title=\"{{ title }}\" loading=\"lazy\" /></a>\n",
  "video.liquid": "<div class=\"video-container-container\">\n    <video width=\"100%\" controls preload=\"metadata\">\n        <source src=\"https://static.llllllllllll.com/andor/videos/{{id}}\" type=\"video/mp4\">\n    </video>\n</div>",
  "vimeo.liquid": "<div class=\"video-container-container\">\n\t<div class=\"video-container video-container-16-9\">\n\t\t<iframe src=\"https://player.vimeo.com/video/{{id}}\" frameborder=\"0\" allowfullscreen></iframe>\n\t</div>\n</div>",
  "youtube.liquid": "<div class=\"video-container video-container-16-9\">\n\t<iframe src=\"https://www.youtube-nocookie.com/embed/{{id}}\" title=\"YouTube video player\" frameborder=\"0\" allow=\"accelerometer; autoplay; clipboard-write; encrypted-media; gyroscope; picture-in-picture\" allowfullscreen></iframe>\n</div>"
}
